// Jest Snapshot v1, https://goo.gl/fbAQLP

exports[`renders correctly 1`] = `
<div
  className="hotel-search-screen"
>
  <div
    className="hotel-search-screen__container"
  >
    <div
      className="hotel-search-screen__header"
    >
      <Connect(HotelFilter) />
    </div>
    <Connect(HotelList) />
  </div>
</div>
`;
